[www.nrccorp.com/index.html]
[backblue.gif]
[fade.gif]
[index.html]
[www.nrccorp.com/bsn.Crossfader.js]
[www.nrccorp.com/bsn.Crossfader_text.js]
[www.nrccorp.com/pics/bg1.png]
[www.nrccorp.com/pics/logo.png]
[www.nrccorp.com/pics/spacer.gif]
[www.nrccorp.com/company.html]
[www.nrccorp.com/services.html]
[www.nrccorp.com/clients.html]
[www.nrccorp.com/projects.html]
[www.nrccorp.com/staff.html]
[www.nrccorp.com/news.html]
[www.nrccorp.com/library.html]
[www.nrccorp.com/jobs.html]
[www.nrccorp.com/contact.html]
[www.nrccorp.com/index-2.html]
[www.nrccorp.com/pics/global_leader.png]
[www.nrccorp.com/pics/top_tag.png]
[www.nrccorp.com/fisheries.html]
[www.nrccorp.com/environ.html]
[www.nrccorp.com/economic.html]
[www.nrccorp.com/witness.html]
[www.nrccorp.com/investigation.html]
[www.nrccorp.com/infrastructure.html]
[www.nrccorp.com/gear.html]
[www.nrccorp.com/cable.html]
[www.nrccorp.com/energy.html]
[www.nrccorp.com/pics/home_rotate/1.jpg]
[www.nrccorp.com/pics/home_rotate/2.jpg]
[www.nrccorp.com/pics/home_rotate/3.jpg]
[www.nrccorp.com/pics/home_rotate/4.jpg]
[www.nrccorp.com/pics/home_rotate/5.jpg]
[www.nrccorp.com/pics/home_rotate/6.jpg]
[www.nrccorp.com/index.html]
[www.nrccorp.com/mainmenu.html]
[www.nrccorp.com/styles.css]
[www.nrccorp.com/pics/bg2.png]
[www.nrccorp.com/pics/company.jpg]
[www.nrccorp.com/company.html]
[www.nrccorp.com/pics/services.jpg]
[www.nrccorp.com/services.html]
[www.nrccorp.com/pics/clients.jpg]
[www.nrccorp.com/clients_counties.html]
[www.nrccorp.com/clients_government.html]
[www.nrccorp.com/clients_nonprofit.html]
[www.nrccorp.com/clients_private.html]
[www.nrccorp.com/clients_legal.html]
[www.nrccorp.com/clients_international.html]
[www.nrccorp.com/clients.html]
[www.nrccorp.com/pics/projects.jpg]
[www.nrccorp.com/projects.html]
[www.nrccorp.com/pics/staff.jpg]
[www.nrccorp.com/staff_steven.html]
[www.nrccorp.com/staff_gregory.html]
[www.nrccorp.com/staff_goodman.html]
[www.nrccorp.com/staff_kyle.html]
[www.nrccorp.com/staff_jeffrey.html]
[www.nrccorp.com/staff_alverson.html]
[www.nrccorp.com/staff.html]
[www.nrccorp.com/pics/news.jpg]
[www.nrccorp.com/pdf/ak_air.pdf]
[www.nrccorp.com/news.html]
[www.nrccorp.com/pics/library.jpg]
[www.nrccorp.com/library.html]
[www.nrccorp.com/pics/jobs.jpg]
[www.nrccorp.com/jobs.html]
[www.nrccorp.com/pics/contact.jpg]
[www.nrccorp.com/contact.html]
[www.nrccorp.com/index-2.html]
[www.nrccorp.com/pics/services_fisheries.jpg]
[www.nrccorp.com/fisheries.html]
[www.nrccorp.com/pics/services_environ.jpg]
[www.nrccorp.com/environ.html]
[www.nrccorp.com/pics/services_economic.jpg]
[www.nrccorp.com/economic.html]
[www.nrccorp.com/pics/services_witness.jpg]
[www.nrccorp.com/witness.html]
[www.nrccorp.com/pics/services_investigation.jpg]
[www.nrccorp.com/investigation.html]
[www.nrccorp.com/pics/services_infrastructure.jpg]
[www.nrccorp.com/infrastructure.html]
[www.nrccorp.com/pics/services_gear.jpg]
[www.nrccorp.com/gear.html]
[www.nrccorp.com/pics/services_cable.jpg]
[www.nrccorp.com/cable_2.html]
[www.nrccorp.com/cable.html]
[www.nrccorp.com/pics/services_energy.jpg]
[www.nrccorp.com/energy.html]
[www.nrccorp.com/clients_counties.html]
[www.nrccorp.com/clients_government.html]
[www.nrccorp.com/clients_nonprofit.html]
[www.nrccorp.com/clients_private.html]
[www.nrccorp.com/clients_legal.html]
[www.nrccorp.com/clients_international.html]
[www.nrccorp.com/pics/staff_steven.jpg]
[www.nrccorp.com/pdf/Hughes_CV2014.pdf]
[www.nrccorp.com/staff_steven.html]
[www.nrccorp.com/pics/staff_greg.jpg]
[www.nrccorp.com/pdf/Ruggerone_CV2014.pdf]
[www.nrccorp.com/staff_gregory.html]
[www.nrccorp.com/pics/staff_goodman.jpg]
[www.nrccorp.com/pdf/Goodman_CV2014.pdf]
[www.nrccorp.com/staff_goodman.html]
[www.nrccorp.com/pics/staff_kyle.jpg]
[www.nrccorp.com/pdf/Antonelis_CV2014.pdf]
[www.nrccorp.com/staff_kyle.html]
[www.nrccorp.com/pics/staff_jeffrey.jpg]
[www.nrccorp.com/staff_jeffrey.html]
[www.nrccorp.com/pics/staff_alverson.jpg]
[www.nrccorp.com/staff_alverson.html]
[www.nrccorp.com/staff/staff_hughes.html]
[www.nrccorp.com/cable_2.html]
